// Jest Snapshot v1, https://goo.gl/fbAQLP

exports[`QuickAdd should populate dropdowns with given data 1`] = `
<QuickAdd
  quantities={
    Object {
      "Fake Size 0": 10,
      "Fake Size 1": 11,
      "Fake Size 2": 12,
    }
  }
  sizes={
    Array [
      "Fake Size 0",
      "Fake Size 1",
      "Fake Size 2",
    ]
  }
>
  <div
    className="quickadd"
  >
    <form
      className="quickadd-form"
    >
      <div
        className="quickadd-select"
      >
        <select
          className="quickadd-dropdown quickadd-select-sizes"
          onChange={[Function]}
          value="Fake Size 0"
        >
          <option
            key="sizeOpt0"
          >
            Fake Size 0
          </option>
          <option
            key="sizeOpt1"
          >
            Fake Size 1
          </option>
          <option
            key="sizeOpt2"
          >
            Fake Size 2
          </option>
        </select>
        <select
          className="quickadd-dropdown quickadd-select-quantity"
          onChange={[Function]}
          value={1}
        >
          <option
            key="qtyOpt0"
          >
            1
          </option>
          <option
            key="qtyOpt1"
          >
            2
          </option>
          <option
            key="qtyOpt2"
          >
            3
          </option>
          <option
            key="qtyOpt3"
          >
            4
          </option>
          <option
            key="qtyOpt4"
          >
            5
          </option>
          <option
            key="qtyOpt5"
          >
            6
          </option>
          <option
            key="qtyOpt6"
          >
            7
          </option>
          <option
            key="qtyOpt7"
          >
            8
          </option>
          <option
            key="qtyOpt8"
          >
            9
          </option>
          <option
            key="qtyOpt9"
          >
            10
          </option>
        </select>
      </div>
      <button
        className="quickadd-btn"
        onClick={[Function]}
      >
        ADD TO BAG
      </button>
    </form>
  </div>
</QuickAdd>
`;
